// Jest Snapshot v1, https://goo.gl/fbAQLP

exports[`SvgLogo snapshot 1`] = `
<SvgLogo
  height="50"
  icon="avalanche-logo.svg"
  width="50"
>
  <img
    height="50"
    src="avalanche-logo.svg"
    width="50"
  />
</SvgLogo>
`;
